<?xml version="1.0" encoding="UTF-8"?>
<TestRun id="d6a41f9c-85a4-4e36-ac5f-bb31ef2ca725" name="zhangshen@BJCA-ZHANGSHEN 2014-07-14 17:18:32" runUser="bjca-zhangshen\zhangshen" xmlns="http://microsoft.com/schemas/VisualStudio/TeamTest/2010">
  <TestSettings name="本地" id="7b2c842e-9ae3-4f5a-a75f-e323dd5262e8">
    <Description>这些设置为本地测试运行的默认测试设置。</Description>
    <Deployment userDeploymentRoot="E:\Users\zhangshen\Documents\Visual Studio 2010\Projects\TestProjectRA01\TestResults" useDefaultDeploymentRoot="false" enabled="false" runDeploymentRoot="zhangshen_BJCA-ZHANGSHEN 2014-07-14 17_18_32">
      <DeploymentItem filename="E:\Users\zhangshen\Downloads\WatiN-2.1.0.1196\bin\net40\WatiN.Core.dll" />
    </Deployment>
    <Execution>
      <TestTypeSpecific />
      <AgentRule name="Execution Agents">
      </AgentRule>
    </Execution>
  </TestSettings>
  <Times creation="2014-07-14T17:18:32.1296467+08:00" queuing="2014-07-14T17:18:33.6397330+08:00" start="2014-07-14T17:18:33.7767409+08:00" finish="2014-07-14T17:18:59.1631929+08:00" />
  <ResultSummary outcome="Error">
    <Counters total="1" executed="1" error="0" failed="0" timeout="0" aborted="1" inconclusive="0" passedButRunAborted="0" notRunnable="0" notExecuted="0" disconnected="0" warning="0" passed="0" completed="0" inProgress="0" pending="0" />
    <RunInfos>
      <RunInfo computerName="BJCA-ZHANGSHEN" outcome="Error" timestamp="2014-07-14T17:18:59.1511922+08:00">
        <Text>测试宿主进程意外退出。</Text>
      </RunInfo>
    </RunInfos>
  </ResultSummary>
  <TestDefinitions>
    <UnitTest name="TestMethod1" storage="e:\users\zhangshen\documents\visual studio 2010\projects\testprojectra01\testprojectra01\bin\debug\testprojectra01.dll" id="30a88e92-950a-3a4f-92e2-1e52726d39b8">
      <Execution id="75cec9e6-e8b8-4c53-9a28-fe9edfaf5547" />
      <TestMethod codeBase="E:/Users/zhangshen/Documents/Visual Studio 2010/Projects/TestProjectRA01/TestProjectRA01/bin/Debug/TestProjectRA01.DLL" adapterTypeName="Microsoft.VisualStudio.TestTools.TestTypes.Unit.UnitTestAdapter, Microsoft.VisualStudio.QualityTools.Tips.UnitTest.Adapter, Version=10.0.0.0, Culture=neutral, PublicKeyToken=b03f5f7f11d50a3a" className="TestProjectRA01.UnitTest1, TestProjectRA01, Version=1.0.0.0, Culture=neutral, PublicKeyToken=null" name="TestMethod1" />
    </UnitTest>
  </TestDefinitions>
  <TestLists>
    <TestList name="列表中未列出的结果" id="8c84fa94-04c1-424b-9868-57a2d4851a1d" />
    <TestList name="所有已加载的结果" id="19431567-8539-422a-85d7-44ee4e166bda" />
  </TestLists>
  <TestEntries>
    <TestEntry testId="30a88e92-950a-3a4f-92e2-1e52726d39b8" executionId="75cec9e6-e8b8-4c53-9a28-fe9edfaf5547" testListId="8c84fa94-04c1-424b-9868-57a2d4851a1d" />
  </TestEntries>
  <Results>
    <UnitTestResult executionId="75cec9e6-e8b8-4c53-9a28-fe9edfaf5547" testId="30a88e92-950a-3a4f-92e2-1e52726d39b8" testName="TestMethod1" computerName="BJCA-ZHANGSHEN" duration="00:00:25.2684452" startTime="2014-07-14T17:18:33.8937476+08:00" endTime="2014-07-14T17:18:59.1621928+08:00" testType="13cdc9d9-ddb5-4fa4-a97d-d965ccfc6d4b" outcome="Aborted" testListId="8c84fa94-04c1-424b-9868-57a2d4851a1d" relativeResultsDirectory="75cec9e6-e8b8-4c53-9a28-fe9edfaf5547">
    </UnitTestResult>
  </Results>
</TestRun>